.next/types/app/(dashboard)/shipments/[id]/page.ts(34,29): error TS2344: Type '{ params: { id: string; }; }' does not satisfy the constraint 'PageProps'.
  Types of property 'params' are incompatible.
    Type '{ id: string; }' is missing the following properties from type 'Promise<any>': then, catch, finally, [Symbol.toStringTag]
.next/types/app/track/[trackingCode]/page.ts(34,29): error TS2344: Type '{ params: { trackingCode: string; }; }' does not satisfy the constraint 'PageProps'.
  Types of property 'params' are incompatible.
    Type '{ trackingCode: string; }' is missing the following properties from type 'Promise<any>': then, catch, finally, [Symbol.toStringTag]
.next/types/app/track/[trackingCode]/page.ts(38,31): error TS2344: Type '{ params: { trackingCode: string; }; }' does not satisfy the constraint 'PageProps'.
  Types of property 'params' are incompatible.
    Type '{ trackingCode: string; }' is missing the following properties from type 'Promise<any>': then, catch, finally, [Symbol.toStringTag]
app/(dashboard)/leads/actions.ts(52,17): error TS2339: Property 'tenant' does not exist on type 'LeadTableFilters'.
app/(dashboard)/leads/actions.ts(52,35): error TS2339: Property 'tenant' does not exist on type 'LeadTableFilters'.
app/(dashboard)/leads/actions.ts(53,39): error TS2339: Property 'tenant' does not exist on type 'LeadTableFilters'.
app/(dashboard)/notifications/logs/table.tsx(53,17): error TS2345: Argument of type 'any[] | undefined' is not assignable to parameter of type 'SetStateAction<Log[]>'.
  Type 'undefined' is not assignable to type 'SetStateAction<Log[]>'.
app/(dashboard)/profile/profile-client.tsx(266,19): error TS18047: 'profile' is possibly 'null'.
app/(dashboard)/profile/profile-client.tsx(267,24): error TS18047: 'profile' is possibly 'null'.
app/(dashboard)/profile/profile-client.tsx(267,48): error TS18047: 'profile' is possibly 'null'.
app/(dashboard)/profile/profile-client.tsx(267,56): error TS2339: Property 'full_name' does not exist on type 'UserProfile'.
app/(dashboard)/profile/profile-client.tsx(268,18): error TS18047: 'profile' is possibly 'null'.
app/(dashboard)/profile/profile-client.tsx(270,11): error TS2322: Type 'string | null' is not assignable to type 'string | undefined'.
  Type 'null' is not assignable to type 'string | undefined'.
app/(dashboard)/profile/profile-client.tsx(270,18): error TS18047: 'profile' is possibly 'null'.
app/(dashboard)/profile/profile-client.tsx(271,11): error TS2322: Type 'string | null' is not assignable to type 'string | undefined'.
  Type 'null' is not assignable to type 'string | undefined'.
app/(dashboard)/profile/profile-client.tsx(271,20): error TS18047: 'profile' is possibly 'null'.
app/(dashboard)/profile/profile-client.tsx(272,11): error TS2322: Type 'string | null' is not assignable to type 'string | undefined'.
  Type 'null' is not assignable to type 'string | undefined'.
app/(dashboard)/profile/profile-client.tsx(272,17): error TS18047: 'profile' is possibly 'null'.
app/(dashboard)/profile/profile-client.tsx(273,11): error TS2322: Type 'string | null' is not assignable to type 'string | undefined'.
  Type 'null' is not assignable to type 'string | undefined'.
app/(dashboard)/profile/profile-client.tsx(273,20): error TS18047: 'profile' is possibly 'null'.
app/(dashboard)/profile/profile-client.tsx(274,11): error TS2322: Type 'string | null' is not assignable to type 'string | undefined'.
  Type 'null' is not assignable to type 'string | undefined'.
app/(dashboard)/profile/profile-client.tsx(274,22): error TS18047: 'profile' is possibly 'null'.
app/(dashboard)/profile/profile-client.tsx(282,21): error TS18047: 'profile' is possibly 'null'.
app/(dashboard)/profile/profile-client.tsx(283,11): error TS2322: Type 'string | null' is not assignable to type 'string | undefined'.
  Type 'null' is not assignable to type 'string | undefined'.
app/(dashboard)/profile/profile-client.tsx(283,22): error TS18047: 'profile' is possibly 'null'.
app/(dashboard)/shipments/actions.ts(876,9): error TS2353: Object literal may only specify known properties, and 'country' does not exist in type '{ courierCode: string; trackNo: string; customerEmail?: string | undefined; customerPhone?: string | undefined; orderNo?: string | undefined; destinationCountry?: string | undefined; remark?: string | undefined; }'.
app/(dashboard)/shipments/new/page.tsx(93,42): error TS2339: Property 'data' does not exist on type '{ success: boolean; error?: undefined; } | { success: boolean; error: any; }'.
  Property 'data' does not exist on type '{ success: boolean; error?: undefined; }'.
app/(dashboard)/users/actions.ts(354,44): error TS2339: Property 'errors' does not exist on type 'ZodError<unknown>'.
app/(dashboard)/users/actions.ts(647,5): error TS2322: Type 'ActionResponse<{ total: number; active: number; byRole: Record<string, number>; byTenant: Record<string, number>; }>' is not assignable to type 'ActionResponse<UserStats>'.
  Type '{ success: true; data: { total: number; active: number; byRole: Record<string, number>; byTenant: Record<string, number>; }; error?: undefined; }' is not assignable to type 'ActionResponse<UserStats>'.
    Type '{ success: true; data: { total: number; active: number; byRole: Record<string, number>; byTenant: Record<string, number>; }; error?: undefined; }' is not assignable to type '{ success: true; data: UserStats; error?: undefined; }'.
      The types of 'data.byRole' are incompatible between these types.
        Type 'Record<string, number>' is missing the following properties from type '{ admin: number; staff: number; customer: number; }': admin, staff, customer
app/(dashboard)/users/actions.ts(767,25): error TS2339: Property 'created_at' does not exist on type 'GenericStringError'.
app/(dashboard)/users/actions.ts(784,30): error TS2339: Property 'created_at' does not exist on type 'GenericStringError'.
app/(dashboard)/users/append_action.ts(8,3): error TS2304: Cannot find name 'ActionResponse'.
app/(dashboard)/users/append_action.ts(8,18): error TS2304: Cannot find name 'UserDisplay'.
app/(dashboard)/users/append_action.ts(11,22): error TS2304: Cannot find name 'createAdminClient'.
app/(dashboard)/users/append_action.ts(12,33): error TS2552: Cannot find name 'getUserTenantIds'. Did you mean 'userTenantIds'?
app/(dashboard)/users/append_action.ts(13,33): error TS2304: Cannot find name 'isAdmin'.
app/(dashboard)/users/append_action.ts(57,12): error TS2304: Cannot find name 'successResponse'.
app/(dashboard)/users/append_action.ts(60,12): error TS2304: Cannot find name 'errorResponse'.
app/(dashboard)/users/page.tsx(224,22): error TS7006: Parameter 'user' implicitly has an 'any' type.
app/(dashboard)/users/page.tsx(225,24): error TS7006: Parameter 'user' implicitly has an 'any' type.
app/login/actions.ts(27,25): error TS2551: Property 'NEXT_PUBLIC_SITE_URL' does not exist on type '{ NEXT_PUBLIC_SUPABASE_URL: string; NEXT_PUBLIC_SUPABASE_PUBLISHABLE_KEY: string; SUPABASE_SERVICE_ROLE_KEY: string; NODE_ENV: "development" | "test" | "production"; CRON_SECRET?: string | undefined; }'. Did you mean 'NEXT_PUBLIC_SUPABASE_URL'?
components/charts/index.ts(8,37): error TS2307: Cannot find module '../dashboard/shipment-trends-chart' or its corresponding type declarations.
components/dashboard/carrier-distribution.tsx(68,55): error TS18048: 'midAngle' is possibly 'undefined'.
components/dashboard/carrier-distribution.tsx(69,55): error TS18048: 'midAngle' is possibly 'undefined'.
components/leads/columns.tsx(228,68): error TS2345: Argument of type '{}' is not assignable to parameter of type 'string | Date | null | undefined'.
components/leads/data-table-toolbar.tsx(52,14): error TS2339: Property 'tenant' does not exist on type 'LeadTableFilters'.
components/leads/data-table-toolbar.tsx(52,32): error TS2339: Property 'tenant' does not exist on type 'LeadTableFilters'.
components/leads/data-table-toolbar.tsx(67,28): error TS2339: Property 'tenant' does not exist on type 'LeadTableFilters'.
components/leads/data-table-toolbar.tsx(71,17): error TS2353: Object literal may only specify known properties, and 'tenant' does not exist in type 'LeadTableFilters'.
components/leads/data-table-toolbar.tsx(102,17): error TS2353: Object literal may only specify known properties, and 'tenant' does not exist in type 'LeadTableFilters'.
components/shipments/edit-shipment-form.tsx(60,5): error TS2322: Type 'Resolver<{ customerName: string; customerEmail: string; amount: unknown; customerPhone?: string | undefined; notes?: string | undefined; }, any, { customerName: string; customerEmail: string; amount: number; customerPhone?: string | undefined; notes?: string | undefined; }>' is not assignable to type 'Resolver<{ customerName: string; customerEmail: string; amount: number; customerPhone?: string | undefined; notes?: string | undefined; }, any, { customerName: string; customerEmail: string; amount: number; customerPhone?: string | undefined; notes?: string | undefined; }>'.
  Types of parameters 'options' and 'options' are incompatible.
    Type 'ResolverOptions<{ customerName: string; customerEmail: string; amount: number; customerPhone?: string | undefined; notes?: string | undefined; }>' is not assignable to type 'ResolverOptions<{ customerName: string; customerEmail: string; amount: unknown; customerPhone?: string | undefined; notes?: string | undefined; }>'.
      Type 'unknown' is not assignable to type 'number'.
components/shipments/edit-shipment-form.tsx(99,45): error TS2345: Argument of type '(data: { customerName: string; customerEmail: string; amount: number; customerPhone?: string | undefined; notes?: string | undefined; }) => Promise<void>' is not assignable to parameter of type 'SubmitHandler<TFieldValues>'.
  Types of parameters 'data' and 'data' are incompatible.
    Type 'TFieldValues' is not assignable to type '{ customerName: string; customerEmail: string; amount: number; customerPhone?: string | undefined; notes?: string | undefined; }'.
      Type 'FieldValues' is missing the following properties from type '{ customerName: string; customerEmail: string; amount: number; customerPhone?: string | undefined; notes?: string | undefined; }': customerName, customerEmail, amount
components/shipments/edit-shipment-form.tsx(124,17): error TS2322: Type 'Control<{ customerName: string; customerEmail: string; amount: number; customerPhone?: string | undefined; notes?: string | undefined; }, any, TFieldValues>' is not assignable to type 'Control<{ customerName: string; customerEmail: string; amount: number; customerPhone?: string | undefined; notes?: string | undefined; }, any, { customerName: string; customerEmail: string; amount: number; customerPhone?: string | undefined; notes?: string | undefined; }>'.
  The types of '_options.resolver' are incompatible between these types.
    Type 'Resolver<{ customerName: string; customerEmail: string; amount: number; customerPhone?: string | undefined; notes?: string | undefined; }, any, TFieldValues> | undefined' is not assignable to type 'Resolver<{ customerName: string; customerEmail: string; amount: number; customerPhone?: string | undefined; notes?: string | undefined; }, any, { customerName: string; customerEmail: string; amount: number; customerPhone?: string | undefined; notes?: string | undefined; }> | undefined'.
      Type 'Resolver<{ customerName: string; customerEmail: string; amount: number; customerPhone?: string | undefined; notes?: string | undefined; }, any, TFieldValues>' is not assignable to type 'Resolver<{ customerName: string; customerEmail: string; amount: number; customerPhone?: string | undefined; notes?: string | undefined; }, any, { customerName: string; customerEmail: string; amount: number; customerPhone?: string | undefined; notes?: string | undefined; }>'.
        Type 'ResolverResult<{ customerName: string; customerEmail: string; amount: number; customerPhone?: string | undefined; notes?: string | undefined; }, TFieldValues> | Promise<...>' is not assignable to type 'ResolverResult<{ customerName: string; customerEmail: string; amount: number; customerPhone?: string | undefined; notes?: string | undefined; }, { customerName: string; customerEmail: string; amount: number; customerPhone?: string | undefined; notes?: string | undefined; }> | Promise<...>'.
          Type 'ResolverSuccess<TFieldValues>' is not assignable to type 'ResolverResult<{ customerName: string; customerEmail: string; amount: number; customerPhone?: string | undefined; notes?: string | undefined; }, { customerName: string; customerEmail: string; amount: number; customerPhone?: string | undefined; notes?: string | undefined; }> | Promise<...>'.
            Type 'ResolverSuccess<TFieldValues>' is not assignable to type 'ResolverSuccess<{ customerName: string; customerEmail: string; amount: number; customerPhone?: string | undefined; notes?: string | undefined; }>'.
              Type 'TFieldValues' is not assignable to type '{ customerName: string; customerEmail: string; amount: number; customerPhone?: string | undefined; notes?: string | undefined; }'.
                Type 'FieldValues' is missing the following properties from type '{ customerName: string; customerEmail: string; amount: number; customerPhone?: string | undefined; notes?: string | undefined; }': customerName, customerEmail, amount
components/shipments/edit-shipment-form.tsx(138,17): error TS2322: Type 'Control<{ customerName: string; customerEmail: string; amount: number; customerPhone?: string | undefined; notes?: string | undefined; }, any, TFieldValues>' is not assignable to type 'Control<{ customerName: string; customerEmail: string; amount: number; customerPhone?: string | undefined; notes?: string | undefined; }, any, { customerName: string; customerEmail: string; amount: number; customerPhone?: string | undefined; notes?: string | undefined; }>'.
  The types of '_options.resolver' are incompatible between these types.
    Type 'Resolver<{ customerName: string; customerEmail: string; amount: number; customerPhone?: string | undefined; notes?: string | undefined; }, any, TFieldValues> | undefined' is not assignable to type 'Resolver<{ customerName: string; customerEmail: string; amount: number; customerPhone?: string | undefined; notes?: string | undefined; }, any, { customerName: string; customerEmail: string; amount: number; customerPhone?: string | undefined; notes?: string | undefined; }> | undefined'.
      Type 'Resolver<{ customerName: string; customerEmail: string; amount: number; customerPhone?: string | undefined; notes?: string | undefined; }, any, TFieldValues>' is not assignable to type 'Resolver<{ customerName: string; customerEmail: string; amount: number; customerPhone?: string | undefined; notes?: string | undefined; }, any, { customerName: string; customerEmail: string; amount: number; customerPhone?: string | undefined; notes?: string | undefined; }>'.
        Type 'ResolverResult<{ customerName: string; customerEmail: string; amount: number; customerPhone?: string | undefined; notes?: string | undefined; }, TFieldValues> | Promise<...>' is not assignable to type 'ResolverResult<{ customerName: string; customerEmail: string; amount: number; customerPhone?: string | undefined; notes?: string | undefined; }, { customerName: string; customerEmail: string; amount: number; customerPhone?: string | undefined; notes?: string | undefined; }> | Promise<...>'.
          Type 'ResolverSuccess<TFieldValues>' is not assignable to type 'ResolverResult<{ customerName: string; customerEmail: string; amount: number; customerPhone?: string | undefined; notes?: string | undefined; }, { customerName: string; customerEmail: string; amount: number; customerPhone?: string | undefined; notes?: string | undefined; }> | Promise<...>'.
            Type 'ResolverSuccess<TFieldValues>' is not assignable to type 'ResolverSuccess<{ customerName: string; customerEmail: string; amount: number; customerPhone?: string | undefined; notes?: string | undefined; }>'.
              Type 'TFieldValues' is not assignable to type '{ customerName: string; customerEmail: string; amount: number; customerPhone?: string | undefined; notes?: string | undefined; }'.
                Type 'FieldValues' is missing the following properties from type '{ customerName: string; customerEmail: string; amount: number; customerPhone?: string | undefined; notes?: string | undefined; }': customerName, customerEmail, amount
components/shipments/edit-shipment-form.tsx(156,17): error TS2322: Type 'Control<{ customerName: string; customerEmail: string; amount: number; customerPhone?: string | undefined; notes?: string | undefined; }, any, TFieldValues>' is not assignable to type 'Control<{ customerName: string; customerEmail: string; amount: number; customerPhone?: string | undefined; notes?: string | undefined; }, any, { customerName: string; customerEmail: string; amount: number; customerPhone?: string | undefined; notes?: string | undefined; }>'.
  The types of '_options.resolver' are incompatible between these types.
    Type 'Resolver<{ customerName: string; customerEmail: string; amount: number; customerPhone?: string | undefined; notes?: string | undefined; }, any, TFieldValues> | undefined' is not assignable to type 'Resolver<{ customerName: string; customerEmail: string; amount: number; customerPhone?: string | undefined; notes?: string | undefined; }, any, { customerName: string; customerEmail: string; amount: number; customerPhone?: string | undefined; notes?: string | undefined; }> | undefined'.
      Type 'Resolver<{ customerName: string; customerEmail: string; amount: number; customerPhone?: string | undefined; notes?: string | undefined; }, any, TFieldValues>' is not assignable to type 'Resolver<{ customerName: string; customerEmail: string; amount: number; customerPhone?: string | undefined; notes?: string | undefined; }, any, { customerName: string; customerEmail: string; amount: number; customerPhone?: string | undefined; notes?: string | undefined; }>'.
        Type 'ResolverResult<{ customerName: string; customerEmail: string; amount: number; customerPhone?: string | undefined; notes?: string | undefined; }, TFieldValues> | Promise<...>' is not assignable to type 'ResolverResult<{ customerName: string; customerEmail: string; amount: number; customerPhone?: string | undefined; notes?: string | undefined; }, { customerName: string; customerEmail: string; amount: number; customerPhone?: string | undefined; notes?: string | undefined; }> | Promise<...>'.
          Type 'ResolverSuccess<TFieldValues>' is not assignable to type 'ResolverResult<{ customerName: string; customerEmail: string; amount: number; customerPhone?: string | undefined; notes?: string | undefined; }, { customerName: string; customerEmail: string; amount: number; customerPhone?: string | undefined; notes?: string | undefined; }> | Promise<...>'.
            Type 'ResolverSuccess<TFieldValues>' is not assignable to type 'ResolverSuccess<{ customerName: string; customerEmail: string; amount: number; customerPhone?: string | undefined; notes?: string | undefined; }>'.
              Type 'TFieldValues' is not assignable to type '{ customerName: string; customerEmail: string; amount: number; customerPhone?: string | undefined; notes?: string | undefined; }'.
                Type 'FieldValues' is missing the following properties from type '{ customerName: string; customerEmail: string; amount: number; customerPhone?: string | undefined; notes?: string | undefined; }': customerName, customerEmail, amount
components/shipments/edit-shipment-form.tsx(170,17): error TS2322: Type 'Control<{ customerName: string; customerEmail: string; amount: number; customerPhone?: string | undefined; notes?: string | undefined; }, any, TFieldValues>' is not assignable to type 'Control<{ customerName: string; customerEmail: string; amount: number; customerPhone?: string | undefined; notes?: string | undefined; }, any, { customerName: string; customerEmail: string; amount: number; customerPhone?: string | undefined; notes?: string | undefined; }>'.
  The types of '_options.resolver' are incompatible between these types.
    Type 'Resolver<{ customerName: string; customerEmail: string; amount: number; customerPhone?: string | undefined; notes?: string | undefined; }, any, TFieldValues> | undefined' is not assignable to type 'Resolver<{ customerName: string; customerEmail: string; amount: number; customerPhone?: string | undefined; notes?: string | undefined; }, any, { customerName: string; customerEmail: string; amount: number; customerPhone?: string | undefined; notes?: string | undefined; }> | undefined'.
      Type 'Resolver<{ customerName: string; customerEmail: string; amount: number; customerPhone?: string | undefined; notes?: string | undefined; }, any, TFieldValues>' is not assignable to type 'Resolver<{ customerName: string; customerEmail: string; amount: number; customerPhone?: string | undefined; notes?: string | undefined; }, any, { customerName: string; customerEmail: string; amount: number; customerPhone?: string | undefined; notes?: string | undefined; }>'.
        Type 'ResolverResult<{ customerName: string; customerEmail: string; amount: number; customerPhone?: string | undefined; notes?: string | undefined; }, TFieldValues> | Promise<...>' is not assignable to type 'ResolverResult<{ customerName: string; customerEmail: string; amount: number; customerPhone?: string | undefined; notes?: string | undefined; }, { customerName: string; customerEmail: string; amount: number; customerPhone?: string | undefined; notes?: string | undefined; }> | Promise<...>'.
          Type 'ResolverSuccess<TFieldValues>' is not assignable to type 'ResolverResult<{ customerName: string; customerEmail: string; amount: number; customerPhone?: string | undefined; notes?: string | undefined; }, { customerName: string; customerEmail: string; amount: number; customerPhone?: string | undefined; notes?: string | undefined; }> | Promise<...>'.
            Type 'ResolverSuccess<TFieldValues>' is not assignable to type 'ResolverSuccess<{ customerName: string; customerEmail: string; amount: number; customerPhone?: string | undefined; notes?: string | undefined; }>'.
              Type 'TFieldValues' is not assignable to type '{ customerName: string; customerEmail: string; amount: number; customerPhone?: string | undefined; notes?: string | undefined; }'.
                Type 'FieldValues' is missing the following properties from type '{ customerName: string; customerEmail: string; amount: number; customerPhone?: string | undefined; notes?: string | undefined; }': customerName, customerEmail, amount
components/shipments/edit-shipment-form.tsx(185,15): error TS2322: Type 'Control<{ customerName: string; customerEmail: string; amount: number; customerPhone?: string | undefined; notes?: string | undefined; }, any, TFieldValues>' is not assignable to type 'Control<{ customerName: string; customerEmail: string; amount: number; customerPhone?: string | undefined; notes?: string | undefined; }, any, { customerName: string; customerEmail: string; amount: number; customerPhone?: string | undefined; notes?: string | undefined; }>'.
  The types of '_options.resolver' are incompatible between these types.
    Type 'Resolver<{ customerName: string; customerEmail: string; amount: number; customerPhone?: string | undefined; notes?: string | undefined; }, any, TFieldValues> | undefined' is not assignable to type 'Resolver<{ customerName: string; customerEmail: string; amount: number; customerPhone?: string | undefined; notes?: string | undefined; }, any, { customerName: string; customerEmail: string; amount: number; customerPhone?: string | undefined; notes?: string | undefined; }> | undefined'.
      Type 'Resolver<{ customerName: string; customerEmail: string; amount: number; customerPhone?: string | undefined; notes?: string | undefined; }, any, TFieldValues>' is not assignable to type 'Resolver<{ customerName: string; customerEmail: string; amount: number; customerPhone?: string | undefined; notes?: string | undefined; }, any, { customerName: string; customerEmail: string; amount: number; customerPhone?: string | undefined; notes?: string | undefined; }>'.
        Type 'ResolverResult<{ customerName: string; customerEmail: string; amount: number; customerPhone?: string | undefined; notes?: string | undefined; }, TFieldValues> | Promise<...>' is not assignable to type 'ResolverResult<{ customerName: string; customerEmail: string; amount: number; customerPhone?: string | undefined; notes?: string | undefined; }, { customerName: string; customerEmail: string; amount: number; customerPhone?: string | undefined; notes?: string | undefined; }> | Promise<...>'.
          Type 'ResolverSuccess<TFieldValues>' is not assignable to type 'ResolverResult<{ customerName: string; customerEmail: string; amount: number; customerPhone?: string | undefined; notes?: string | undefined; }, { customerName: string; customerEmail: string; amount: number; customerPhone?: string | undefined; notes?: string | undefined; }> | Promise<...>'.
            Type 'ResolverSuccess<TFieldValues>' is not assignable to type 'ResolverSuccess<{ customerName: string; customerEmail: string; amount: number; customerPhone?: string | undefined; notes?: string | undefined; }>'.
              Type 'TFieldValues' is not assignable to type '{ customerName: string; customerEmail: string; amount: number; customerPhone?: string | undefined; notes?: string | undefined; }'.
                Type 'FieldValues' is missing the following properties from type '{ customerName: string; customerEmail: string; amount: number; customerPhone?: string | undefined; notes?: string | undefined; }': customerName, customerEmail, amount
components/shipments/new-shipment-dialog.tsx(172,5): error TS2322: Type 'Resolver<{ carrierTrackingCode: string; carrierId: string; amount: unknown; tenantId?: string | undefined; assignedUserId?: string | undefined; assignmentMode?: "new" | "user" | undefined; customerName?: string | undefined; customerEmail?: string | undefined; customerPhone?: string | undefined; notes?: string | unde...' is not assignable to type 'Resolver<{ carrierTrackingCode: string; carrierId: string; assignmentMode: "new" | "user"; amount: number; tenantId?: string | undefined; assignedUserId?: string | undefined; customerName?: string | undefined; customerEmail?: string | undefined; customerPhone?: string | undefined; notes?: string | undefined; }, any,...'.
  Types of parameters 'options' and 'options' are incompatible.
    Type 'ResolverOptions<{ carrierTrackingCode: string; carrierId: string; assignmentMode: "new" | "user"; amount: number; tenantId?: string | undefined; assignedUserId?: string | undefined; customerName?: string | undefined; customerEmail?: string | undefined; customerPhone?: string | undefined; notes?: string | undefined; }>' is not assignable to type 'ResolverOptions<{ carrierTrackingCode: string; carrierId: string; amount: unknown; tenantId?: string | undefined; assignedUserId?: string | undefined; assignmentMode?: "new" | "user" | undefined; customerName?: string | undefined; customerEmail?: string | undefined; customerPhone?: string | undefined; notes?: string...'.
      Type '"new" | "user" | undefined' is not assignable to type '"new" | "user"'.
        Type 'undefined' is not assignable to type '"new" | "user"'.
components/shipments/new-shipment-dialog.tsx(398,41): error TS2345: Argument of type '(data: { carrierTrackingCode: string; carrierId: string; assignmentMode: "new" | "user"; amount: number; tenantId?: string | undefined; assignedUserId?: string | undefined; customerName?: string | undefined; customerEmail?: string | undefined; customerPhone?: string | undefined; notes?: string | undefined; }) => Pro...' is not assignable to parameter of type 'SubmitHandler<TFieldValues>'.
  Types of parameters 'data' and 'data' are incompatible.
    Type 'TFieldValues' is not assignable to type '{ carrierTrackingCode: string; carrierId: string; assignmentMode: "new" | "user"; amount: number; tenantId?: string | undefined; assignedUserId?: string | undefined; customerName?: string | undefined; customerEmail?: string | undefined; customerPhone?: string | undefined; notes?: string | undefined; }'.
      Type 'FieldValues' is missing the following properties from type '{ carrierTrackingCode: string; carrierId: string; assignmentMode: "new" | "user"; amount: number; tenantId?: string | undefined; assignedUserId?: string | undefined; customerName?: string | undefined; customerEmail?: string | undefined; customerPhone?: string | undefined; notes?: string | undefined; }': carrierTrackingCode, carrierId, assignmentMode, amount
components/shipments/new-shipment-dialog.tsx(407,21): error TS2719: Type 'import("C:/websites/kajen/gajan/admin/node_modules/react-hook-form/dist/types/form").Control<{ carrierTrackingCode: string; carrierId: string; assignmentMode: "new" | "user"; amount: number; tenantId?: string | undefined; assignedUserId?: string | undefined; customerName?: string | undefined; customerEmail?: string ...' is not assignable to type 'import("C:/websites/kajen/gajan/admin/node_modules/react-hook-form/dist/types/form").Control<{ carrierTrackingCode: string; carrierId: string; assignmentMode: "new" | "user"; amount: number; tenantId?: string | undefined; assignedUserId?: string | undefined; customerName?: string | undefined; customerEmail?: string ...'. Two different types with this name exist, but they are unrelated.
  The types of '_options.resolver' are incompatible between these types.
    Type 'import("C:/websites/kajen/gajan/admin/node_modules/react-hook-form/dist/types/resolvers").Resolver<{ carrierTrackingCode: string; carrierId: string; assignmentMode: "new" | "user"; amount: number; tenantId?: string | undefined; assignedUserId?: string | undefined; customerName?: string | undefined; customerEmail?: s...' is not assignable to type 'import("C:/websites/kajen/gajan/admin/node_modules/react-hook-form/dist/types/resolvers").Resolver<{ carrierTrackingCode: string; carrierId: string; assignmentMode: "new" | "user"; amount: number; tenantId?: string | undefined; assignedUserId?: string | undefined; customerName?: string | undefined; customerEmail?: s...'. Two different types with this name exist, but they are unrelated.
      Type 'import("C:/websites/kajen/gajan/admin/node_modules/react-hook-form/dist/types/resolvers").Resolver<{ carrierTrackingCode: string; carrierId: string; assignmentMode: "new" | "user"; amount: number; tenantId?: string | undefined; assignedUserId?: string | undefined; customerName?: string | undefined; customerEmail?: s...' is not assignable to type 'import("C:/websites/kajen/gajan/admin/node_modules/react-hook-form/dist/types/resolvers").Resolver<{ carrierTrackingCode: string; carrierId: string; assignmentMode: "new" | "user"; amount: number; tenantId?: string | undefined; assignedUserId?: string | undefined; customerName?: string | undefined; customerEmail?: s...'. Two different types with this name exist, but they are unrelated.
        Type 'import("C:/websites/kajen/gajan/admin/node_modules/react-hook-form/dist/types/resolvers").ResolverResult<{ carrierTrackingCode: string; carrierId: string; assignmentMode: "new" | "user"; amount: number; tenantId?: string | undefined; assignedUserId?: string | undefined; customerName?: string | undefined; customerEma...' is not assignable to type 'import("C:/websites/kajen/gajan/admin/node_modules/react-hook-form/dist/types/resolvers").ResolverResult<{ carrierTrackingCode: string; carrierId: string; assignmentMode: "new" | "user"; amount: number; tenantId?: string | undefined; assignedUserId?: string | undefined; customerName?: string | undefined; customerEma...'. Two different types with this name exist, but they are unrelated.
          Type 'ResolverSuccess<TFieldValues>' is not assignable to type 'ResolverResult<{ carrierTrackingCode: string; carrierId: string; assignmentMode: "new" | "user"; amount: number; tenantId?: string | undefined; assignedUserId?: string | undefined; customerName?: string | undefined; customerEmail?: string | undefined; customerPhone?: string | undefined; notes?: string | undefined; }...'.
            Type 'ResolverSuccess<TFieldValues>' is not assignable to type 'ResolverSuccess<{ carrierTrackingCode: string; carrierId: string; assignmentMode: "new" | "user"; amount: number; tenantId?: string | undefined; assignedUserId?: string | undefined; customerName?: string | undefined; customerEmail?: string | undefined; customerPhone?: string | undefined; notes?: string | undefined; }>'.
              Type 'TFieldValues' is not assignable to type '{ carrierTrackingCode: string; carrierId: string; assignmentMode: "new" | "user"; amount: number; tenantId?: string | undefined; assignedUserId?: string | undefined; customerName?: string | undefined; customerEmail?: string | undefined; customerPhone?: string | undefined; notes?: string | undefined; }'.
                Type 'FieldValues' is missing the following properties from type '{ carrierTrackingCode: string; carrierId: string; assignmentMode: "new" | "user"; amount: number; tenantId?: string | undefined; assignedUserId?: string | undefined; customerName?: string | undefined; customerEmail?: string | undefined; customerPhone?: string | undefined; notes?: string | undefined; }': carrierTrackingCode, carrierId, assignmentMode, amount
components/shipments/new-shipment-dialog.tsx(438,19): error TS2719: Type 'import("C:/websites/kajen/gajan/admin/node_modules/react-hook-form/dist/types/form").Control<{ carrierTrackingCode: string; carrierId: string; assignmentMode: "new" | "user"; amount: number; tenantId?: string | undefined; assignedUserId?: string | undefined; customerName?: string | undefined; customerEmail?: string ...' is not assignable to type 'import("C:/websites/kajen/gajan/admin/node_modules/react-hook-form/dist/types/form").Control<{ carrierTrackingCode: string; carrierId: string; assignmentMode: "new" | "user"; amount: number; tenantId?: string | undefined; assignedUserId?: string | undefined; customerName?: string | undefined; customerEmail?: string ...'. Two different types with this name exist, but they are unrelated.
  The types of '_options.resolver' are incompatible between these types.
    Type 'import("C:/websites/kajen/gajan/admin/node_modules/react-hook-form/dist/types/resolvers").Resolver<{ carrierTrackingCode: string; carrierId: string; assignmentMode: "new" | "user"; amount: number; tenantId?: string | undefined; assignedUserId?: string | undefined; customerName?: string | undefined; customerEmail?: s...' is not assignable to type 'import("C:/websites/kajen/gajan/admin/node_modules/react-hook-form/dist/types/resolvers").Resolver<{ carrierTrackingCode: string; carrierId: string; assignmentMode: "new" | "user"; amount: number; tenantId?: string | undefined; assignedUserId?: string | undefined; customerName?: string | undefined; customerEmail?: s...'. Two different types with this name exist, but they are unrelated.
      Type 'import("C:/websites/kajen/gajan/admin/node_modules/react-hook-form/dist/types/resolvers").Resolver<{ carrierTrackingCode: string; carrierId: string; assignmentMode: "new" | "user"; amount: number; tenantId?: string | undefined; assignedUserId?: string | undefined; customerName?: string | undefined; customerEmail?: s...' is not assignable to type 'import("C:/websites/kajen/gajan/admin/node_modules/react-hook-form/dist/types/resolvers").Resolver<{ carrierTrackingCode: string; carrierId: string; assignmentMode: "new" | "user"; amount: number; tenantId?: string | undefined; assignedUserId?: string | undefined; customerName?: string | undefined; customerEmail?: s...'. Two different types with this name exist, but they are unrelated.
        Type 'import("C:/websites/kajen/gajan/admin/node_modules/react-hook-form/dist/types/resolvers").ResolverResult<{ carrierTrackingCode: string; carrierId: string; assignmentMode: "new" | "user"; amount: number; tenantId?: string | undefined; assignedUserId?: string | undefined; customerName?: string | undefined; customerEma...' is not assignable to type 'import("C:/websites/kajen/gajan/admin/node_modules/react-hook-form/dist/types/resolvers").ResolverResult<{ carrierTrackingCode: string; carrierId: string; assignmentMode: "new" | "user"; amount: number; tenantId?: string | undefined; assignedUserId?: string | undefined; customerName?: string | undefined; customerEma...'. Two different types with this name exist, but they are unrelated.
          Type 'ResolverSuccess<TFieldValues>' is not assignable to type 'ResolverResult<{ carrierTrackingCode: string; carrierId: string; assignmentMode: "new" | "user"; amount: number; tenantId?: string | undefined; assignedUserId?: string | undefined; customerName?: string | undefined; customerEmail?: string | undefined; customerPhone?: string | undefined; notes?: string | undefined; }...'.
            Type 'ResolverSuccess<TFieldValues>' is not assignable to type 'ResolverSuccess<{ carrierTrackingCode: string; carrierId: string; assignmentMode: "new" | "user"; amount: number; tenantId?: string | undefined; assignedUserId?: string | undefined; customerName?: string | undefined; customerEmail?: string | undefined; customerPhone?: string | undefined; notes?: string | undefined; }>'.
              Type 'TFieldValues' is not assignable to type '{ carrierTrackingCode: string; carrierId: string; assignmentMode: "new" | "user"; amount: number; tenantId?: string | undefined; assignedUserId?: string | undefined; customerName?: string | undefined; customerEmail?: string | undefined; customerPhone?: string | undefined; notes?: string | undefined; }'.
                Type 'FieldValues' is missing the following properties from type '{ carrierTrackingCode: string; carrierId: string; assignmentMode: "new" | "user"; amount: number; tenantId?: string | undefined; assignedUserId?: string | undefined; customerName?: string | undefined; customerEmail?: string | undefined; customerPhone?: string | undefined; notes?: string | undefined; }': carrierTrackingCode, carrierId, assignmentMode, amount
components/shipments/new-shipment-dialog.tsx(470,19): error TS2719: Type 'import("C:/websites/kajen/gajan/admin/node_modules/react-hook-form/dist/types/form").Control<{ carrierTrackingCode: string; carrierId: string; assignmentMode: "new" | "user"; amount: number; tenantId?: string | undefined; assignedUserId?: string | undefined; customerName?: string | undefined; customerEmail?: string ...' is not assignable to type 'import("C:/websites/kajen/gajan/admin/node_modules/react-hook-form/dist/types/form").Control<{ carrierTrackingCode: string; carrierId: string; assignmentMode: "new" | "user"; amount: number; tenantId?: string | undefined; assignedUserId?: string | undefined; customerName?: string | undefined; customerEmail?: string ...'. Two different types with this name exist, but they are unrelated.
  The types of '_options.resolver' are incompatible between these types.
    Type 'import("C:/websites/kajen/gajan/admin/node_modules/react-hook-form/dist/types/resolvers").Resolver<{ carrierTrackingCode: string; carrierId: string; assignmentMode: "new" | "user"; amount: number; tenantId?: string | undefined; assignedUserId?: string | undefined; customerName?: string | undefined; customerEmail?: s...' is not assignable to type 'import("C:/websites/kajen/gajan/admin/node_modules/react-hook-form/dist/types/resolvers").Resolver<{ carrierTrackingCode: string; carrierId: string; assignmentMode: "new" | "user"; amount: number; tenantId?: string | undefined; assignedUserId?: string | undefined; customerName?: string | undefined; customerEmail?: s...'. Two different types with this name exist, but they are unrelated.
      Type 'import("C:/websites/kajen/gajan/admin/node_modules/react-hook-form/dist/types/resolvers").Resolver<{ carrierTrackingCode: string; carrierId: string; assignmentMode: "new" | "user"; amount: number; tenantId?: string | undefined; assignedUserId?: string | undefined; customerName?: string | undefined; customerEmail?: s...' is not assignable to type 'import("C:/websites/kajen/gajan/admin/node_modules/react-hook-form/dist/types/resolvers").Resolver<{ carrierTrackingCode: string; carrierId: string; assignmentMode: "new" | "user"; amount: number; tenantId?: string | undefined; assignedUserId?: string | undefined; customerName?: string | undefined; customerEmail?: s...'. Two different types with this name exist, but they are unrelated.
        Type 'import("C:/websites/kajen/gajan/admin/node_modules/react-hook-form/dist/types/resolvers").ResolverResult<{ carrierTrackingCode: string; carrierId: string; assignmentMode: "new" | "user"; amount: number; tenantId?: string | undefined; assignedUserId?: string | undefined; customerName?: string | undefined; customerEma...' is not assignable to type 'import("C:/websites/kajen/gajan/admin/node_modules/react-hook-form/dist/types/resolvers").ResolverResult<{ carrierTrackingCode: string; carrierId: string; assignmentMode: "new" | "user"; amount: number; tenantId?: string | undefined; assignedUserId?: string | undefined; customerName?: string | undefined; customerEma...'. Two different types with this name exist, but they are unrelated.
          Type 'ResolverSuccess<TFieldValues>' is not assignable to type 'ResolverResult<{ carrierTrackingCode: string; carrierId: string; assignmentMode: "new" | "user"; amount: number; tenantId?: string | undefined; assignedUserId?: string | undefined; customerName?: string | undefined; customerEmail?: string | undefined; customerPhone?: string | undefined; notes?: string | undefined; }...'.
            Type 'ResolverSuccess<TFieldValues>' is not assignable to type 'ResolverSuccess<{ carrierTrackingCode: string; carrierId: string; assignmentMode: "new" | "user"; amount: number; tenantId?: string | undefined; assignedUserId?: string | undefined; customerName?: string | undefined; customerEmail?: string | undefined; customerPhone?: string | undefined; notes?: string | undefined; }>'.
              Type 'TFieldValues' is not assignable to type '{ carrierTrackingCode: string; carrierId: string; assignmentMode: "new" | "user"; amount: number; tenantId?: string | undefined; assignedUserId?: string | undefined; customerName?: string | undefined; customerEmail?: string | undefined; customerPhone?: string | undefined; notes?: string | undefined; }'.
                Type 'FieldValues' is missing the following properties from type '{ carrierTrackingCode: string; carrierId: string; assignmentMode: "new" | "user"; amount: number; tenantId?: string | undefined; assignedUserId?: string | undefined; customerName?: string | undefined; customerEmail?: string | undefined; customerPhone?: string | undefined; notes?: string | undefined; }': carrierTrackingCode, carrierId, assignmentMode, amount
components/shipments/new-shipment-dialog.tsx(539,19): error TS2719: Type 'import("C:/websites/kajen/gajan/admin/node_modules/react-hook-form/dist/types/form").Control<{ carrierTrackingCode: string; carrierId: string; assignmentMode: "new" | "user"; amount: number; tenantId?: string | undefined; assignedUserId?: string | undefined; customerName?: string | undefined; customerEmail?: string ...' is not assignable to type 'import("C:/websites/kajen/gajan/admin/node_modules/react-hook-form/dist/types/form").Control<{ carrierTrackingCode: string; carrierId: string; assignmentMode: "new" | "user"; amount: number; tenantId?: string | undefined; assignedUserId?: string | undefined; customerName?: string | undefined; customerEmail?: string ...'. Two different types with this name exist, but they are unrelated.
  The types of '_options.resolver' are incompatible between these types.
    Type 'import("C:/websites/kajen/gajan/admin/node_modules/react-hook-form/dist/types/resolvers").Resolver<{ carrierTrackingCode: string; carrierId: string; assignmentMode: "new" | "user"; amount: number; tenantId?: string | undefined; assignedUserId?: string | undefined; customerName?: string | undefined; customerEmail?: s...' is not assignable to type 'import("C:/websites/kajen/gajan/admin/node_modules/react-hook-form/dist/types/resolvers").Resolver<{ carrierTrackingCode: string; carrierId: string; assignmentMode: "new" | "user"; amount: number; tenantId?: string | undefined; assignedUserId?: string | undefined; customerName?: string | undefined; customerEmail?: s...'. Two different types with this name exist, but they are unrelated.
      Type 'import("C:/websites/kajen/gajan/admin/node_modules/react-hook-form/dist/types/resolvers").Resolver<{ carrierTrackingCode: string; carrierId: string; assignmentMode: "new" | "user"; amount: number; tenantId?: string | undefined; assignedUserId?: string | undefined; customerName?: string | undefined; customerEmail?: s...' is not assignable to type 'import("C:/websites/kajen/gajan/admin/node_modules/react-hook-form/dist/types/resolvers").Resolver<{ carrierTrackingCode: string; carrierId: string; assignmentMode: "new" | "user"; amount: number; tenantId?: string | undefined; assignedUserId?: string | undefined; customerName?: string | undefined; customerEmail?: s...'. Two different types with this name exist, but they are unrelated.
        Type 'import("C:/websites/kajen/gajan/admin/node_modules/react-hook-form/dist/types/resolvers").ResolverResult<{ carrierTrackingCode: string; carrierId: string; assignmentMode: "new" | "user"; amount: number; tenantId?: string | undefined; assignedUserId?: string | undefined; customerName?: string | undefined; customerEma...' is not assignable to type 'import("C:/websites/kajen/gajan/admin/node_modules/react-hook-form/dist/types/resolvers").ResolverResult<{ carrierTrackingCode: string; carrierId: string; assignmentMode: "new" | "user"; amount: number; tenantId?: string | undefined; assignedUserId?: string | undefined; customerName?: string | undefined; customerEma...'. Two different types with this name exist, but they are unrelated.
          Type 'ResolverSuccess<TFieldValues>' is not assignable to type 'ResolverResult<{ carrierTrackingCode: string; carrierId: string; assignmentMode: "new" | "user"; amount: number; tenantId?: string | undefined; assignedUserId?: string | undefined; customerName?: string | undefined; customerEmail?: string | undefined; customerPhone?: string | undefined; notes?: string | undefined; }...'.
            Type 'ResolverSuccess<TFieldValues>' is not assignable to type 'ResolverSuccess<{ carrierTrackingCode: string; carrierId: string; assignmentMode: "new" | "user"; amount: number; tenantId?: string | undefined; assignedUserId?: string | undefined; customerName?: string | undefined; customerEmail?: string | undefined; customerPhone?: string | undefined; notes?: string | undefined; }>'.
              Type 'TFieldValues' is not assignable to type '{ carrierTrackingCode: string; carrierId: string; assignmentMode: "new" | "user"; amount: number; tenantId?: string | undefined; assignedUserId?: string | undefined; customerName?: string | undefined; customerEmail?: string | undefined; customerPhone?: string | undefined; notes?: string | undefined; }'.
                Type 'FieldValues' is missing the following properties from type '{ carrierTrackingCode: string; carrierId: string; assignmentMode: "new" | "user"; amount: number; tenantId?: string | undefined; assignedUserId?: string | undefined; customerName?: string | undefined; customerEmail?: string | undefined; customerPhone?: string | undefined; notes?: string | undefined; }': carrierTrackingCode, carrierId, assignmentMode, amount
components/shipments/new-shipment-dialog.tsx(562,21): error TS2719: Type 'import("C:/websites/kajen/gajan/admin/node_modules/react-hook-form/dist/types/form").Control<{ carrierTrackingCode: string; carrierId: string; assignmentMode: "new" | "user"; amount: number; tenantId?: string | undefined; assignedUserId?: string | undefined; customerName?: string | undefined; customerEmail?: string ...' is not assignable to type 'import("C:/websites/kajen/gajan/admin/node_modules/react-hook-form/dist/types/form").Control<{ carrierTrackingCode: string; carrierId: string; assignmentMode: "new" | "user"; amount: number; tenantId?: string | undefined; assignedUserId?: string | undefined; customerName?: string | undefined; customerEmail?: string ...'. Two different types with this name exist, but they are unrelated.
  The types of '_options.resolver' are incompatible between these types.
    Type 'import("C:/websites/kajen/gajan/admin/node_modules/react-hook-form/dist/types/resolvers").Resolver<{ carrierTrackingCode: string; carrierId: string; assignmentMode: "new" | "user"; amount: number; tenantId?: string | undefined; assignedUserId?: string | undefined; customerName?: string | undefined; customerEmail?: s...' is not assignable to type 'import("C:/websites/kajen/gajan/admin/node_modules/react-hook-form/dist/types/resolvers").Resolver<{ carrierTrackingCode: string; carrierId: string; assignmentMode: "new" | "user"; amount: number; tenantId?: string | undefined; assignedUserId?: string | undefined; customerName?: string | undefined; customerEmail?: s...'. Two different types with this name exist, but they are unrelated.
      Type 'import("C:/websites/kajen/gajan/admin/node_modules/react-hook-form/dist/types/resolvers").Resolver<{ carrierTrackingCode: string; carrierId: string; assignmentMode: "new" | "user"; amount: number; tenantId?: string | undefined; assignedUserId?: string | undefined; customerName?: string | undefined; customerEmail?: s...' is not assignable to type 'import("C:/websites/kajen/gajan/admin/node_modules/react-hook-form/dist/types/resolvers").Resolver<{ carrierTrackingCode: string; carrierId: string; assignmentMode: "new" | "user"; amount: number; tenantId?: string | undefined; assignedUserId?: string | undefined; customerName?: string | undefined; customerEmail?: s...'. Two different types with this name exist, but they are unrelated.
        Type 'import("C:/websites/kajen/gajan/admin/node_modules/react-hook-form/dist/types/resolvers").ResolverResult<{ carrierTrackingCode: string; carrierId: string; assignmentMode: "new" | "user"; amount: number; tenantId?: string | undefined; assignedUserId?: string | undefined; customerName?: string | undefined; customerEma...' is not assignable to type 'import("C:/websites/kajen/gajan/admin/node_modules/react-hook-form/dist/types/resolvers").ResolverResult<{ carrierTrackingCode: string; carrierId: string; assignmentMode: "new" | "user"; amount: number; tenantId?: string | undefined; assignedUserId?: string | undefined; customerName?: string | undefined; customerEma...'. Two different types with this name exist, but they are unrelated.
          Type 'ResolverSuccess<TFieldValues>' is not assignable to type 'ResolverResult<{ carrierTrackingCode: string; carrierId: string; assignmentMode: "new" | "user"; amount: number; tenantId?: string | undefined; assignedUserId?: string | undefined; customerName?: string | undefined; customerEmail?: string | undefined; customerPhone?: string | undefined; notes?: string | undefined; }...'.
            Type 'ResolverSuccess<TFieldValues>' is not assignable to type 'ResolverSuccess<{ carrierTrackingCode: string; carrierId: string; assignmentMode: "new" | "user"; amount: number; tenantId?: string | undefined; assignedUserId?: string | undefined; customerName?: string | undefined; customerEmail?: string | undefined; customerPhone?: string | undefined; notes?: string | undefined; }>'.
              Type 'TFieldValues' is not assignable to type '{ carrierTrackingCode: string; carrierId: string; assignmentMode: "new" | "user"; amount: number; tenantId?: string | undefined; assignedUserId?: string | undefined; customerName?: string | undefined; customerEmail?: string | undefined; customerPhone?: string | undefined; notes?: string | undefined; }'.
                Type 'FieldValues' is missing the following properties from type '{ carrierTrackingCode: string; carrierId: string; assignmentMode: "new" | "user"; amount: number; tenantId?: string | undefined; assignedUserId?: string | undefined; customerName?: string | undefined; customerEmail?: string | undefined; customerPhone?: string | undefined; notes?: string | undefined; }': carrierTrackingCode, carrierId, assignmentMode, amount
components/shipments/new-shipment-dialog.tsx(626,23): error TS2719: Type 'import("C:/websites/kajen/gajan/admin/node_modules/react-hook-form/dist/types/form").Control<{ carrierTrackingCode: string; carrierId: string; assignmentMode: "new" | "user"; amount: number; tenantId?: string | undefined; assignedUserId?: string | undefined; customerName?: string | undefined; customerEmail?: string ...' is not assignable to type 'import("C:/websites/kajen/gajan/admin/node_modules/react-hook-form/dist/types/form").Control<{ carrierTrackingCode: string; carrierId: string; assignmentMode: "new" | "user"; amount: number; tenantId?: string | undefined; assignedUserId?: string | undefined; customerName?: string | undefined; customerEmail?: string ...'. Two different types with this name exist, but they are unrelated.
  The types of '_options.resolver' are incompatible between these types.
    Type 'import("C:/websites/kajen/gajan/admin/node_modules/react-hook-form/dist/types/resolvers").Resolver<{ carrierTrackingCode: string; carrierId: string; assignmentMode: "new" | "user"; amount: number; tenantId?: string | undefined; assignedUserId?: string | undefined; customerName?: string | undefined; customerEmail?: s...' is not assignable to type 'import("C:/websites/kajen/gajan/admin/node_modules/react-hook-form/dist/types/resolvers").Resolver<{ carrierTrackingCode: string; carrierId: string; assignmentMode: "new" | "user"; amount: number; tenantId?: string | undefined; assignedUserId?: string | undefined; customerName?: string | undefined; customerEmail?: s...'. Two different types with this name exist, but they are unrelated.
      Type 'import("C:/websites/kajen/gajan/admin/node_modules/react-hook-form/dist/types/resolvers").Resolver<{ carrierTrackingCode: string; carrierId: string; assignmentMode: "new" | "user"; amount: number; tenantId?: string | undefined; assignedUserId?: string | undefined; customerName?: string | undefined; customerEmail?: s...' is not assignable to type 'import("C:/websites/kajen/gajan/admin/node_modules/react-hook-form/dist/types/resolvers").Resolver<{ carrierTrackingCode: string; carrierId: string; assignmentMode: "new" | "user"; amount: number; tenantId?: string | undefined; assignedUserId?: string | undefined; customerName?: string | undefined; customerEmail?: s...'. Two different types with this name exist, but they are unrelated.
        Type 'import("C:/websites/kajen/gajan/admin/node_modules/react-hook-form/dist/types/resolvers").ResolverResult<{ carrierTrackingCode: string; carrierId: string; assignmentMode: "new" | "user"; amount: number; tenantId?: string | undefined; assignedUserId?: string | undefined; customerName?: string | undefined; customerEma...' is not assignable to type 'import("C:/websites/kajen/gajan/admin/node_modules/react-hook-form/dist/types/resolvers").ResolverResult<{ carrierTrackingCode: string; carrierId: string; assignmentMode: "new" | "user"; amount: number; tenantId?: string | undefined; assignedUserId?: string | undefined; customerName?: string | undefined; customerEma...'. Two different types with this name exist, but they are unrelated.
          Type 'ResolverSuccess<TFieldValues>' is not assignable to type 'ResolverResult<{ carrierTrackingCode: string; carrierId: string; assignmentMode: "new" | "user"; amount: number; tenantId?: string | undefined; assignedUserId?: string | undefined; customerName?: string | undefined; customerEmail?: string | undefined; customerPhone?: string | undefined; notes?: string | undefined; }...'.
            Type 'ResolverSuccess<TFieldValues>' is not assignable to type 'ResolverSuccess<{ carrierTrackingCode: string; carrierId: string; assignmentMode: "new" | "user"; amount: number; tenantId?: string | undefined; assignedUserId?: string | undefined; customerName?: string | undefined; customerEmail?: string | undefined; customerPhone?: string | undefined; notes?: string | undefined; }>'.
              Type 'TFieldValues' is not assignable to type '{ carrierTrackingCode: string; carrierId: string; assignmentMode: "new" | "user"; amount: number; tenantId?: string | undefined; assignedUserId?: string | undefined; customerName?: string | undefined; customerEmail?: string | undefined; customerPhone?: string | undefined; notes?: string | undefined; }'.
                Type 'FieldValues' is missing the following properties from type '{ carrierTrackingCode: string; carrierId: string; assignmentMode: "new" | "user"; amount: number; tenantId?: string | undefined; assignedUserId?: string | undefined; customerName?: string | undefined; customerEmail?: string | undefined; customerPhone?: string | undefined; notes?: string | undefined; }': carrierTrackingCode, carrierId, assignmentMode, amount
components/shipments/new-shipment-dialog.tsx(639,23): error TS2719: Type 'import("C:/websites/kajen/gajan/admin/node_modules/react-hook-form/dist/types/form").Control<{ carrierTrackingCode: string; carrierId: string; assignmentMode: "new" | "user"; amount: number; tenantId?: string | undefined; assignedUserId?: string | undefined; customerName?: string | undefined; customerEmail?: string ...' is not assignable to type 'import("C:/websites/kajen/gajan/admin/node_modules/react-hook-form/dist/types/form").Control<{ carrierTrackingCode: string; carrierId: string; assignmentMode: "new" | "user"; amount: number; tenantId?: string | undefined; assignedUserId?: string | undefined; customerName?: string | undefined; customerEmail?: string ...'. Two different types with this name exist, but they are unrelated.
  The types of '_options.resolver' are incompatible between these types.
    Type 'import("C:/websites/kajen/gajan/admin/node_modules/react-hook-form/dist/types/resolvers").Resolver<{ carrierTrackingCode: string; carrierId: string; assignmentMode: "new" | "user"; amount: number; tenantId?: string | undefined; assignedUserId?: string | undefined; customerName?: string | undefined; customerEmail?: s...' is not assignable to type 'import("C:/websites/kajen/gajan/admin/node_modules/react-hook-form/dist/types/resolvers").Resolver<{ carrierTrackingCode: string; carrierId: string; assignmentMode: "new" | "user"; amount: number; tenantId?: string | undefined; assignedUserId?: string | undefined; customerName?: string | undefined; customerEmail?: s...'. Two different types with this name exist, but they are unrelated.
      Type 'import("C:/websites/kajen/gajan/admin/node_modules/react-hook-form/dist/types/resolvers").Resolver<{ carrierTrackingCode: string; carrierId: string; assignmentMode: "new" | "user"; amount: number; tenantId?: string | undefined; assignedUserId?: string | undefined; customerName?: string | undefined; customerEmail?: s...' is not assignable to type 'import("C:/websites/kajen/gajan/admin/node_modules/react-hook-form/dist/types/resolvers").Resolver<{ carrierTrackingCode: string; carrierId: string; assignmentMode: "new" | "user"; amount: number; tenantId?: string | undefined; assignedUserId?: string | undefined; customerName?: string | undefined; customerEmail?: s...'. Two different types with this name exist, but they are unrelated.
        Type 'import("C:/websites/kajen/gajan/admin/node_modules/react-hook-form/dist/types/resolvers").ResolverResult<{ carrierTrackingCode: string; carrierId: string; assignmentMode: "new" | "user"; amount: number; tenantId?: string | undefined; assignedUserId?: string | undefined; customerName?: string | undefined; customerEma...' is not assignable to type 'import("C:/websites/kajen/gajan/admin/node_modules/react-hook-form/dist/types/resolvers").ResolverResult<{ carrierTrackingCode: string; carrierId: string; assignmentMode: "new" | "user"; amount: number; tenantId?: string | undefined; assignedUserId?: string | undefined; customerName?: string | undefined; customerEma...'. Two different types with this name exist, but they are unrelated.
          Type 'ResolverSuccess<TFieldValues>' is not assignable to type 'ResolverResult<{ carrierTrackingCode: string; carrierId: string; assignmentMode: "new" | "user"; amount: number; tenantId?: string | undefined; assignedUserId?: string | undefined; customerName?: string | undefined; customerEmail?: string | undefined; customerPhone?: string | undefined; notes?: string | undefined; }...'.
            Type 'ResolverSuccess<TFieldValues>' is not assignable to type 'ResolverSuccess<{ carrierTrackingCode: string; carrierId: string; assignmentMode: "new" | "user"; amount: number; tenantId?: string | undefined; assignedUserId?: string | undefined; customerName?: string | undefined; customerEmail?: string | undefined; customerPhone?: string | undefined; notes?: string | undefined; }>'.
              Type 'TFieldValues' is not assignable to type '{ carrierTrackingCode: string; carrierId: string; assignmentMode: "new" | "user"; amount: number; tenantId?: string | undefined; assignedUserId?: string | undefined; customerName?: string | undefined; customerEmail?: string | undefined; customerPhone?: string | undefined; notes?: string | undefined; }'.
                Type 'FieldValues' is missing the following properties from type '{ carrierTrackingCode: string; carrierId: string; assignmentMode: "new" | "user"; amount: number; tenantId?: string | undefined; assignedUserId?: string | undefined; customerName?: string | undefined; customerEmail?: string | undefined; customerPhone?: string | undefined; notes?: string | undefined; }': carrierTrackingCode, carrierId, assignmentMode, amount
components/shipments/new-shipment-dialog.tsx(656,23): error TS2719: Type 'import("C:/websites/kajen/gajan/admin/node_modules/react-hook-form/dist/types/form").Control<{ carrierTrackingCode: string; carrierId: string; assignmentMode: "new" | "user"; amount: number; tenantId?: string | undefined; assignedUserId?: string | undefined; customerName?: string | undefined; customerEmail?: string ...' is not assignable to type 'import("C:/websites/kajen/gajan/admin/node_modules/react-hook-form/dist/types/form").Control<{ carrierTrackingCode: string; carrierId: string; assignmentMode: "new" | "user"; amount: number; tenantId?: string | undefined; assignedUserId?: string | undefined; customerName?: string | undefined; customerEmail?: string ...'. Two different types with this name exist, but they are unrelated.
  The types of '_options.resolver' are incompatible between these types.
    Type 'import("C:/websites/kajen/gajan/admin/node_modules/react-hook-form/dist/types/resolvers").Resolver<{ carrierTrackingCode: string; carrierId: string; assignmentMode: "new" | "user"; amount: number; tenantId?: string | undefined; assignedUserId?: string | undefined; customerName?: string | undefined; customerEmail?: s...' is not assignable to type 'import("C:/websites/kajen/gajan/admin/node_modules/react-hook-form/dist/types/resolvers").Resolver<{ carrierTrackingCode: string; carrierId: string; assignmentMode: "new" | "user"; amount: number; tenantId?: string | undefined; assignedUserId?: string | undefined; customerName?: string | undefined; customerEmail?: s...'. Two different types with this name exist, but they are unrelated.
      Type 'import("C:/websites/kajen/gajan/admin/node_modules/react-hook-form/dist/types/resolvers").Resolver<{ carrierTrackingCode: string; carrierId: string; assignmentMode: "new" | "user"; amount: number; tenantId?: string | undefined; assignedUserId?: string | undefined; customerName?: string | undefined; customerEmail?: s...' is not assignable to type 'import("C:/websites/kajen/gajan/admin/node_modules/react-hook-form/dist/types/resolvers").Resolver<{ carrierTrackingCode: string; carrierId: string; assignmentMode: "new" | "user"; amount: number; tenantId?: string | undefined; assignedUserId?: string | undefined; customerName?: string | undefined; customerEmail?: s...'. Two different types with this name exist, but they are unrelated.
        Type 'import("C:/websites/kajen/gajan/admin/node_modules/react-hook-form/dist/types/resolvers").ResolverResult<{ carrierTrackingCode: string; carrierId: string; assignmentMode: "new" | "user"; amount: number; tenantId?: string | undefined; assignedUserId?: string | undefined; customerName?: string | undefined; customerEma...' is not assignable to type 'import("C:/websites/kajen/gajan/admin/node_modules/react-hook-form/dist/types/resolvers").ResolverResult<{ carrierTrackingCode: string; carrierId: string; assignmentMode: "new" | "user"; amount: number; tenantId?: string | undefined; assignedUserId?: string | undefined; customerName?: string | undefined; customerEma...'. Two different types with this name exist, but they are unrelated.
          Type 'ResolverSuccess<TFieldValues>' is not assignable to type 'ResolverResult<{ carrierTrackingCode: string; carrierId: string; assignmentMode: "new" | "user"; amount: number; tenantId?: string | undefined; assignedUserId?: string | undefined; customerName?: string | undefined; customerEmail?: string | undefined; customerPhone?: string | undefined; notes?: string | undefined; }...'.
            Type 'ResolverSuccess<TFieldValues>' is not assignable to type 'ResolverSuccess<{ carrierTrackingCode: string; carrierId: string; assignmentMode: "new" | "user"; amount: number; tenantId?: string | undefined; assignedUserId?: string | undefined; customerName?: string | undefined; customerEmail?: string | undefined; customerPhone?: string | undefined; notes?: string | undefined; }>'.
              Type 'TFieldValues' is not assignable to type '{ carrierTrackingCode: string; carrierId: string; assignmentMode: "new" | "user"; amount: number; tenantId?: string | undefined; assignedUserId?: string | undefined; customerName?: string | undefined; customerEmail?: string | undefined; customerPhone?: string | undefined; notes?: string | undefined; }'.
                Type 'FieldValues' is missing the following properties from type '{ carrierTrackingCode: string; carrierId: string; assignmentMode: "new" | "user"; amount: number; tenantId?: string | undefined; assignedUserId?: string | undefined; customerName?: string | undefined; customerEmail?: string | undefined; customerPhone?: string | undefined; notes?: string | undefined; }': carrierTrackingCode, carrierId, assignmentMode, amount
components/shipments/new-shipment-dialog.tsx(676,19): error TS2719: Type 'import("C:/websites/kajen/gajan/admin/node_modules/react-hook-form/dist/types/form").Control<{ carrierTrackingCode: string; carrierId: string; assignmentMode: "new" | "user"; amount: number; tenantId?: string | undefined; assignedUserId?: string | undefined; customerName?: string | undefined; customerEmail?: string ...' is not assignable to type 'import("C:/websites/kajen/gajan/admin/node_modules/react-hook-form/dist/types/form").Control<{ carrierTrackingCode: string; carrierId: string; assignmentMode: "new" | "user"; amount: number; tenantId?: string | undefined; assignedUserId?: string | undefined; customerName?: string | undefined; customerEmail?: string ...'. Two different types with this name exist, but they are unrelated.
  The types of '_options.resolver' are incompatible between these types.
    Type 'import("C:/websites/kajen/gajan/admin/node_modules/react-hook-form/dist/types/resolvers").Resolver<{ carrierTrackingCode: string; carrierId: string; assignmentMode: "new" | "user"; amount: number; tenantId?: string | undefined; assignedUserId?: string | undefined; customerName?: string | undefined; customerEmail?: s...' is not assignable to type 'import("C:/websites/kajen/gajan/admin/node_modules/react-hook-form/dist/types/resolvers").Resolver<{ carrierTrackingCode: string; carrierId: string; assignmentMode: "new" | "user"; amount: number; tenantId?: string | undefined; assignedUserId?: string | undefined; customerName?: string | undefined; customerEmail?: s...'. Two different types with this name exist, but they are unrelated.
      Type 'import("C:/websites/kajen/gajan/admin/node_modules/react-hook-form/dist/types/resolvers").Resolver<{ carrierTrackingCode: string; carrierId: string; assignmentMode: "new" | "user"; amount: number; tenantId?: string | undefined; assignedUserId?: string | undefined; customerName?: string | undefined; customerEmail?: s...' is not assignable to type 'import("C:/websites/kajen/gajan/admin/node_modules/react-hook-form/dist/types/resolvers").Resolver<{ carrierTrackingCode: string; carrierId: string; assignmentMode: "new" | "user"; amount: number; tenantId?: string | undefined; assignedUserId?: string | undefined; customerName?: string | undefined; customerEmail?: s...'. Two different types with this name exist, but they are unrelated.
        Type 'import("C:/websites/kajen/gajan/admin/node_modules/react-hook-form/dist/types/resolvers").ResolverResult<{ carrierTrackingCode: string; carrierId: string; assignmentMode: "new" | "user"; amount: number; tenantId?: string | undefined; assignedUserId?: string | undefined; customerName?: string | undefined; customerEma...' is not assignable to type 'import("C:/websites/kajen/gajan/admin/node_modules/react-hook-form/dist/types/resolvers").ResolverResult<{ carrierTrackingCode: string; carrierId: string; assignmentMode: "new" | "user"; amount: number; tenantId?: string | undefined; assignedUserId?: string | undefined; customerName?: string | undefined; customerEma...'. Two different types with this name exist, but they are unrelated.
          Type 'ResolverSuccess<TFieldValues>' is not assignable to type 'ResolverResult<{ carrierTrackingCode: string; carrierId: string; assignmentMode: "new" | "user"; amount: number; tenantId?: string | undefined; assignedUserId?: string | undefined; customerName?: string | undefined; customerEmail?: string | undefined; customerPhone?: string | undefined; notes?: string | undefined; }...'.
            Type 'ResolverSuccess<TFieldValues>' is not assignable to type 'ResolverSuccess<{ carrierTrackingCode: string; carrierId: string; assignmentMode: "new" | "user"; amount: number; tenantId?: string | undefined; assignedUserId?: string | undefined; customerName?: string | undefined; customerEmail?: string | undefined; customerPhone?: string | undefined; notes?: string | undefined; }>'.
              Type 'TFieldValues' is not assignable to type '{ carrierTrackingCode: string; carrierId: string; assignmentMode: "new" | "user"; amount: number; tenantId?: string | undefined; assignedUserId?: string | undefined; customerName?: string | undefined; customerEmail?: string | undefined; customerPhone?: string | undefined; notes?: string | undefined; }'.
                Type 'FieldValues' is missing the following properties from type '{ carrierTrackingCode: string; carrierId: string; assignmentMode: "new" | "user"; amount: number; tenantId?: string | undefined; assignedUserId?: string | undefined; customerName?: string | undefined; customerEmail?: string | undefined; customerPhone?: string | undefined; notes?: string | undefined; }': carrierTrackingCode, carrierId, assignmentMode, amount
components/shipments/new-shipment-dialog.tsx(695,19): error TS2719: Type 'import("C:/websites/kajen/gajan/admin/node_modules/react-hook-form/dist/types/form").Control<{ carrierTrackingCode: string; carrierId: string; assignmentMode: "new" | "user"; amount: number; tenantId?: string | undefined; assignedUserId?: string | undefined; customerName?: string | undefined; customerEmail?: string ...' is not assignable to type 'import("C:/websites/kajen/gajan/admin/node_modules/react-hook-form/dist/types/form").Control<{ carrierTrackingCode: string; carrierId: string; assignmentMode: "new" | "user"; amount: number; tenantId?: string | undefined; assignedUserId?: string | undefined; customerName?: string | undefined; customerEmail?: string ...'. Two different types with this name exist, but they are unrelated.
  The types of '_options.resolver' are incompatible between these types.
    Type 'import("C:/websites/kajen/gajan/admin/node_modules/react-hook-form/dist/types/resolvers").Resolver<{ carrierTrackingCode: string; carrierId: string; assignmentMode: "new" | "user"; amount: number; tenantId?: string | undefined; assignedUserId?: string | undefined; customerName?: string | undefined; customerEmail?: s...' is not assignable to type 'import("C:/websites/kajen/gajan/admin/node_modules/react-hook-form/dist/types/resolvers").Resolver<{ carrierTrackingCode: string; carrierId: string; assignmentMode: "new" | "user"; amount: number; tenantId?: string | undefined; assignedUserId?: string | undefined; customerName?: string | undefined; customerEmail?: s...'. Two different types with this name exist, but they are unrelated.
      Type 'import("C:/websites/kajen/gajan/admin/node_modules/react-hook-form/dist/types/resolvers").Resolver<{ carrierTrackingCode: string; carrierId: string; assignmentMode: "new" | "user"; amount: number; tenantId?: string | undefined; assignedUserId?: string | undefined; customerName?: string | undefined; customerEmail?: s...' is not assignable to type 'import("C:/websites/kajen/gajan/admin/node_modules/react-hook-form/dist/types/resolvers").Resolver<{ carrierTrackingCode: string; carrierId: string; assignmentMode: "new" | "user"; amount: number; tenantId?: string | undefined; assignedUserId?: string | undefined; customerName?: string | undefined; customerEmail?: s...'. Two different types with this name exist, but they are unrelated.
        Type 'import("C:/websites/kajen/gajan/admin/node_modules/react-hook-form/dist/types/resolvers").ResolverResult<{ carrierTrackingCode: string; carrierId: string; assignmentMode: "new" | "user"; amount: number; tenantId?: string | undefined; assignedUserId?: string | undefined; customerName?: string | undefined; customerEma...' is not assignable to type 'import("C:/websites/kajen/gajan/admin/node_modules/react-hook-form/dist/types/resolvers").ResolverResult<{ carrierTrackingCode: string; carrierId: string; assignmentMode: "new" | "user"; amount: number; tenantId?: string | undefined; assignedUserId?: string | undefined; customerName?: string | undefined; customerEma...'. Two different types with this name exist, but they are unrelated.
          Type 'ResolverSuccess<TFieldValues>' is not assignable to type 'ResolverResult<{ carrierTrackingCode: string; carrierId: string; assignmentMode: "new" | "user"; amount: number; tenantId?: string | undefined; assignedUserId?: string | undefined; customerName?: string | undefined; customerEmail?: string | undefined; customerPhone?: string | undefined; notes?: string | undefined; }...'.
            Type 'ResolverSuccess<TFieldValues>' is not assignable to type 'ResolverSuccess<{ carrierTrackingCode: string; carrierId: string; assignmentMode: "new" | "user"; amount: number; tenantId?: string | undefined; assignedUserId?: string | undefined; customerName?: string | undefined; customerEmail?: string | undefined; customerPhone?: string | undefined; notes?: string | undefined; }>'.
              Type 'TFieldValues' is not assignable to type '{ carrierTrackingCode: string; carrierId: string; assignmentMode: "new" | "user"; amount: number; tenantId?: string | undefined; assignedUserId?: string | undefined; customerName?: string | undefined; customerEmail?: string | undefined; customerPhone?: string | undefined; notes?: string | undefined; }'.
                Type 'FieldValues' is missing the following properties from type '{ carrierTrackingCode: string; carrierId: string; assignmentMode: "new" | "user"; amount: number; tenantId?: string | undefined; assignedUserId?: string | undefined; customerName?: string | undefined; customerEmail?: string | undefined; customerPhone?: string | undefined; notes?: string | undefined; }': carrierTrackingCode, carrierId, assignmentMode, amount
components/ui/chart.tsx(122,7): error TS2339: Property 'payload' does not exist on type 'Omit<Omit<Props<ValueType, NameType>, PropertiesReadFromContext> & { active?: boolean | undefined; allowEscapeViewBox?: AllowInDimension | undefined; ... 17 more ...; wrapperStyle?: CSSProperties | undefined; } & ClassAttributes<...> & HTMLAttributes<...> & { ...; }, "ref">'.
components/ui/chart.tsx(127,7): error TS2339: Property 'label' does not exist on type 'Omit<Omit<Props<ValueType, NameType>, PropertiesReadFromContext> & { active?: boolean | undefined; allowEscapeViewBox?: AllowInDimension | undefined; ... 17 more ...; wrapperStyle?: CSSProperties | undefined; } & ClassAttributes<...> & HTMLAttributes<...> & { ...; }, "ref">'.
components/users/columns.tsx(229,42): error TS2339: Property 'currentUserId' does not exist on type '{ onEdit?: ((user: UserDisplay) => void) | undefined; onDelete?: ((user: UserDisplay) => void) | undefined; }'.
lib/services/track123-service.ts(81,11): error TS2345: Argument of type 'string' is not assignable to parameter of type 'Record<string, any>'.
lib/services/track123-service.ts(282,46): error TS2345: Argument of type 'unknown' is not assignable to parameter of type 'Record<string, any> | undefined'.
lib/utils/export.ts(1,10): error TS2305: Module '"@/components/shipments/columns"' has no exported member 'ShipmentDisplay'.
